
Allocating common symbols
Common symbol       size              file

i                   0x4               startup.o

Memory Configuration

Name             Origin             Length             Attributes
flash            0x00000000         0x20000000         xr
sram             0x20000000         0x20000000         xrw
*default*        0x00000000         0xffffffff

Linker script and memory map


.text           0x00000000      0x1a8
                0x00000000                _S_text = .
 *(.vectors)
 *(.text)
 .text          0x00000000       0xac main.o
                0x00000000                main
                0x00000090                DELAY
 .text          0x000000ac       0xfc startup.o
                0x000000ac                H_Fault_Handler
                0x000000ac                Default_Hundler
                0x000000ac                NMI_Handler
                0x000000b8                Reset_Handler
 *(.rodata)
                0x000001a8                _E_TEXT = .

.vextors        0x000001a8       0x10
 .vextors       0x000001a8       0x10 startup.o
                0x000001a8                g_p_vector

.glue_7         0x000001b8        0x0
 .glue_7        0x00000000        0x0 linker stubs

.glue_7t        0x000001b8        0x0
 .glue_7t       0x00000000        0x0 linker stubs

.vfp11_veneer   0x000001b8        0x0
 .vfp11_veneer  0x00000000        0x0 linker stubs

.v4_bx          0x000001b8        0x0
 .v4_bx         0x00000000        0x0 linker stubs

.iplt           0x000001b8        0x0
 .iplt          0x00000000        0x0 main.o

.rel.dyn        0x000001b8        0x0
 .rel.iplt      0x00000000        0x0 main.o

.data           0x20000000        0x0 load address 0x000001b8
                0x20000000                _S_DATA = .
 *(.data)
 .data          0x20000000        0x0 main.o
 .data          0x20000000        0x0 startup.o
                0x20000000                _E_DATA = .

.igot.plt       0x20000000        0x0 load address 0x000001b8
 .igot.plt      0x00000000        0x0 main.o

.bss            0x20000000      0x404 load address 0x000001b8
                0x20000000                _S_BSS = .
 *(.bss)
 .bss           0x20000000        0x0 main.o
 .bss           0x20000000      0x400 startup.o
                0x20000400                _E_BSS = .
 COMMON         0x20000400        0x4 startup.o
                0x20000400                i
LOAD main.o
LOAD startup.o
OUTPUT(abdullah_cortex_m4.elf elf32-littlearm)

.debug_info     0x00000000      0x226
 .debug_info    0x00000000       0x8a main.o
 .debug_info    0x0000008a      0x19c startup.o

.debug_abbrev   0x00000000      0x156
 .debug_abbrev  0x00000000       0x81 main.o
 .debug_abbrev  0x00000081       0xd5 startup.o

.debug_loc      0x00000000       0xd4
 .debug_loc     0x00000000       0x70 main.o
 .debug_loc     0x00000070       0x64 startup.o

.debug_aranges  0x00000000       0x40
 .debug_aranges
                0x00000000       0x20 main.o
 .debug_aranges
                0x00000020       0x20 startup.o

.debug_line     0x00000000      0x105
 .debug_line    0x00000000       0x56 main.o
 .debug_line    0x00000056       0xaf startup.o

.debug_str      0x00000000      0x12d
 .debug_str     0x00000000       0x41 main.o
                                 0x53 (size before relaxing)
 .debug_str     0x00000041       0xec startup.o
                                0x147 (size before relaxing)

.comment        0x00000000       0x11
 .comment       0x00000000       0x11 main.o
                                 0x12 (size before relaxing)
 .comment       0x00000000       0x12 startup.o

.ARM.attributes
                0x00000000       0x33
 .ARM.attributes
                0x00000000       0x33 main.o
 .ARM.attributes
                0x00000033       0x33 startup.o

.debug_frame    0x00000000       0x98
 .debug_frame   0x00000000       0x4c main.o
 .debug_frame   0x0000004c       0x4c startup.o
